
running 1 test
test tests::it_works_in_root_package ... ok

test result: ok. 1 passed; 0 failed; 0 ignored; 0 measured; 0 filtered out; finished in [..]s

