     Removed [..] files[..]
<<< [CWD]/big_endian
     Removed [..] files[..]
>>> [CWD]/big_endian
<<< [CWD]/little_endian
     Removed [..] files[..]
>>> [CWD]/little_endian
<<< [CWD]/to_bytes
     Removed [..] files[..]
>>> [CWD]/to_bytes
