     Removed 0 files
Warning: found no nested workspaces
