...
     Removed [..] files[..]
<<< [CWD]/workspace
...
     Removed [..] files[..]
<<< [CWD]/workspace/single_layer/workspace
...
     Removed [..] files[..]
>>> [CWD]/workspace/single_layer/workspace
>>> [CWD]/workspace
