     Removed [..] files[..]
<<< [CWD]/beta
     Removed [..] files[..]
>>> [CWD]/beta
<<< [CWD]/nightly
     Removed [..] files[..]
>>> [CWD]/nightly
