...
     Removed [..] files[..]
Warning: found no nested workspaces
