...
     Removed [..] files[..]
Warning: skipping `[CWD]/empty` as it does not contain a workspace
Warning: found no nested workspaces in `[CWD]`
