     Removed [..] files[..]
<<< [CWD]/root_package
     Removed [..] files[..]
>>> [CWD]/root_package
