     Removed [..] files[..]
<<< [CWD]/package
     Removed [..] files[..]
>>> [CWD]/package
