...
   Compiling root_with_no_workspace v0.1.0 ([CWD])
...
[root_with_no_workspace 0.1.0] Warning: skipping `[CWD]/empty` as it does not contain a workspace
[root_with_no_workspace 0.1.0] Warning: found no nested workspaces
...
    Finished `dev` profile [unoptimized + debuginfo] target(s) in [..]s
